venv\Scripts\python : DEBUG:httpx:load_ssl_context verify=True cert=None trust_env=True http2=False
At line:1 char:1
+ venv\Scripts\python test_forgetting_curve.py 2>&1 | tee test_log.txt
+ ~~~~~~~~~~~~~~~~~~~~~~~~~~~~~~~~~~~~~~~~~~~~~~~~~
    + CategoryInfo          : NotSpecified: (DEBUG:httpx:loa...rue http2=False:String) [], RemoteException
    + FullyQualifiedErrorId : NativeCommandError
 
DEBUG:httpx:load_verify_locations 
cafile='G:\\Backend-notes\\second_brain\\venv\\Lib\\site-packages\\certifi\\cacert.pem'
WARNING:asyncio:Executing <Task pending name='Task-2' coro=<TestForgettingCurve.test_importance_impact() running at 
G:\Backend-notes\second_brain\test_forgetting_curve.py:93> cb=[_run_until_complete_cb() at 
C:\Python314\Lib\asyncio\base_events.py:181] created at C:\Python314\Lib\asyncio\runners.py:109> took 0.155 seconds
DEBUG:httpcore.connection:connect_tcp.started host='openrouter.ai' port=443 local_address=None timeout=30.0 
socket_options=None
DEBUG:asyncio:Get address info b'openrouter.ai':443, type=<SocketKind.SOCK_STREAM: 1>
INFO:asyncio:Getting address info b'openrouter.ai':443, type=<SocketKind.SOCK_STREAM: 1> took 2184.767ms: 
[(<AddressFamily.AF_INET6: 23>, <SocketKind.SOCK_STREAM: 1>, 0, '', ('2606:4700:90d0:eaa1:32c5:4d:ba36:2d7e', 443, 0, 
0)), (<AddressFamily.AF_INET: 2>, <SocketKind.SOCK_STREAM: 1>, 0, '', ('104.18.3.115', 443)), (<AddressFamily.AF_INET: 
2>, <SocketKind.SOCK_STREAM: 1>, 0, '', ('104.18.2.115', 443))]
DEBUG:asyncio:<asyncio.TransportSocket fd=1008, family=23, type=1, proto=6, 
laddr=('2401:4900:78ea:fd8b:f53d:e12b:6f98:4196', 59397, 0, 0), raddr=('2606:4700:90d0:eaa1:32c5:4d:ba36:2d7e', 443, 
0, 0)> connected to 2606:4700:90d0:eaa1:32c5:4d:ba36:2d7e:443: (<_ProactorSocketTransport fd=1008 
read=<_OverlappedFuture pending cb=[_ProactorReadPipeTransport._loop_reading()] created at 
C:\Python314\Lib\asyncio\windows_events.py:507>>, <anyio._backends._asyncio.StreamProtocol object at 
0x000001A648166660>)
DEBUG:asyncio:<_ProactorSocketTransport fd=1008 read=<_OverlappedFuture pending 
cb=[_ProactorReadPipeTransport._loop_reading()] created at C:\Python314\Lib\asyncio\windows_events.py:507>> pauses 
reading
DEBUG:httpcore.connection:connect_tcp.complete return_value=<httpcore._backends.anyio.AnyIOStream object at 
0x000001A648166E40>
DEBUG:httpcore.connection:start_tls.started ssl_context=<ssl.SSLContext object at 0x000001A647C99710> 
server_hostname='openrouter.ai' timeout=30.0
DEBUG:asyncio:<_ProactorSocketTransport fd=1008 read=<_OverlappedFuture pending 
cb=[_ProactorReadPipeTransport._loop_reading()] created at C:\Python314\Lib\asyncio\windows_events.py:507> 
write=<_OverlappedFuture finished result=517 created at C:\Python314\Lib\asyncio\windows_events.py:547>> resumes 
reading
DEBUG:asyncio:<_ProactorSocketTransport fd=1008 read=<_OverlappedFuture pending 
cb=[_ProactorReadPipeTransport._loop_reading()] created at C:\Python314\Lib\asyncio\windows_events.py:507>> pauses 
reading
DEBUG:httpcore.connection:start_tls.complete return_value=<httpcore._backends.anyio.AnyIOStream object at 
0x000001A6481916D0>
DEBUG:httpcore.http11:send_request_headers.started request=<Request [b'POST']>
DEBUG:httpcore.http11:send_request_headers.complete
DEBUG:httpcore.http11:send_request_body.started request=<Request [b'POST']>
DEBUG:httpcore.http11:send_request_body.complete
DEBUG:httpcore.http11:receive_response_headers.started request=<Request [b'POST']>
DEBUG:asyncio:<_ProactorSocketTransport fd=1008 read=<_OverlappedFuture pending 
cb=[_ProactorReadPipeTransport._loop_reading()] created at C:\Python314\Lib\asyncio\windows_events.py:507> 
write=<_OverlappedFuture finished result=81 created at C:\Python314\Lib\asyncio\windows_events.py:547>> resumes reading
DEBUG:asyncio:<_ProactorSocketTransport fd=1008 read=<_OverlappedFuture pending 
cb=[_ProactorReadPipeTransport._loop_reading()] created at C:\Python314\Lib\asyncio\windows_events.py:507>> pauses 
reading
DEBUG:httpcore.http11:receive_response_headers.complete return_value=(b'HTTP/1.1', 200, b'OK', [(b'Date', b'Sat, 10 
Jan 2026 10:47:43 GMT'), (b'Content-Type', b'application/json'), (b'Transfer-Encoding', b'chunked'), (b'Connection', 
b'keep-alive'), (b'Content-Encoding', b'gzip'), (b'Access-Control-Allow-Origin', b'*'), (b'Vary', b'Accept-Encoding'), 
(b'Permissions-Policy', b'payment=(self "https://checkout.stripe.com" "https://connect-js.stripe.com" 
"https://js.stripe.com" "https://*.js.stripe.com" "https://hooks.stripe.com")'), (b'Referrer-Policy', b'no-referrer, 
strict-origin-when-cross-origin'), (b'X-Content-Type-Options', b'nosniff'), (b'Server', b'cloudflare'), (b'CF-RAY', 
b'9bbb9910be361432-BOM')])
INFO:httpx:HTTP Request: POST https://openrouter.ai/api/v1/embeddings "HTTP/1.1 200 OK"
DEBUG:httpcore.http11:receive_response_body.started request=<Request [b'POST']>
DEBUG:asyncio:<_ProactorSocketTransport fd=1008 read=<_OverlappedFuture pending 
cb=[_ProactorReadPipeTransport._loop_reading()] created at C:\Python314\Lib\asyncio\windows_events.py:507>> resumes 
reading
DEBUG:asyncio:<_ProactorSocketTransport fd=1008 read=<_OverlappedFuture pending 
cb=[_ProactorReadPipeTransport._loop_reading()] created at C:\Python314\Lib\asyncio\windows_events.py:507>> pauses 
reading
DEBUG:asyncio:<_ProactorSocketTransport fd=1008 read=<_OverlappedFuture pending 
cb=[_ProactorReadPipeTransport._loop_reading()] created at C:\Python314\Lib\asyncio\windows_events.py:507>> resumes 
reading
DEBUG:asyncio:<_ProactorSocketTransport fd=1008 read=<_OverlappedFuture pending 
cb=[_ProactorReadPipeTransport._loop_reading()] created at C:\Python314\Lib\asyncio\windows_events.py:507>> pauses 
reading
DEBUG:httpcore.http11:receive_response_body.complete
DEBUG:httpcore.http11:response_closed.started
DEBUG:httpcore.http11:response_closed.complete
DEBUG:httpcore.connection:close.started
DEBUG:httpcore.connection:close.complete
DEBUG:utils.memory_store:Invalidated query cache for user 00000000-0000-0000-0000-000000000000
ERROR:utils.memory_store:Error calculating state: unsupported format string passed to MagicMock.__format__
ERROR:utils.memory_store:Error calculating state: unsupported format string passed to MagicMock.__format__
FDEBUG:asyncio:Close <ProactorEventLoop running=False closed=False debug=True>
DEBUG:asyncio:Using proactor: IocpProactor
DEBUG:httpx:load_ssl_context verify=True cert=None trust_env=True http2=False
DEBUG:httpx:load_verify_locations 
cafile='G:\\Backend-notes\\second_brain\\venv\\Lib\\site-packages\\certifi\\cacert.pem'
WARNING:asyncio:Executing <Task pending name='Task-7' coro=<TestForgettingCurve.test_state_transitions() running at 
G:\Backend-notes\second_brain\test_forgetting_curve.py:56> cb=[_run_until_complete_cb() at 
C:\Python314\Lib\asyncio\base_events.py:181] created at C:\Python314\Lib\asyncio\runners.py:109> took 0.146 seconds
DEBUG:httpcore.connection:connect_tcp.started host='openrouter.ai' port=443 local_address=None timeout=30.0 
socket_options=None
DEBUG:asyncio:Get address info b'openrouter.ai':443, type=<SocketKind.SOCK_STREAM: 1>
DEBUG:asyncio:Getting address info b'openrouter.ai':443, type=<SocketKind.SOCK_STREAM: 1> took 3.097ms: 
[(<AddressFamily.AF_INET6: 23>, <SocketKind.SOCK_STREAM: 1>, 0, '', ('2606:4700:90d0:eaa1:32c5:4d:ba36:2d7e', 443, 0, 
0)), (<AddressFamily.AF_INET: 2>, <SocketKind.SOCK_STREAM: 1>, 0, '', ('104.18.3.115', 443)), (<AddressFamily.AF_INET: 
2>, <SocketKind.SOCK_STREAM: 1>, 0, '', ('104.18.2.115', 443))]
DEBUG:asyncio:<asyncio.TransportSocket fd=1060, family=23, type=1, proto=6, 
laddr=('2401:4900:78ea:fd8b:f53d:e12b:6f98:4196', 59401, 0, 0), raddr=('2606:4700:90d0:eaa1:32c5:4d:ba36:2d7e', 443, 
0, 0)> connected to 2606:4700:90d0:eaa1:32c5:4d:ba36:2d7e:443: (<_ProactorSocketTransport fd=1060 
read=<_OverlappedFuture pending cb=[_ProactorReadPipeTransport._loop_reading()] created at 
C:\Python314\Lib\asyncio\windows_events.py:507>>, <anyio._backends._asyncio.StreamProtocol object at 
0x000001A648193B10>)
DEBUG:asyncio:<_ProactorSocketTransport fd=1060 read=<_OverlappedFuture pending 
cb=[_ProactorReadPipeTransport._loop_reading()] created at C:\Python314\Lib\asyncio\windows_events.py:507>> pauses 
reading
DEBUG:httpcore.connection:connect_tcp.complete return_value=<httpcore._backends.anyio.AnyIOStream object at 
0x000001A648193750>
DEBUG:httpcore.connection:start_tls.started ssl_context=<ssl.SSLContext object at 0x000001A647C998B0> 
server_hostname='openrouter.ai' timeout=30.0
DEBUG:asyncio:<_ProactorSocketTransport fd=1060 read=<_OverlappedFuture pending 
cb=[_ProactorReadPipeTransport._loop_reading()] created at C:\Python314\Lib\asyncio\windows_events.py:507> 
write=<_OverlappedFuture finished result=517 created at C:\Python314\Lib\asyncio\windows_events.py:547>> resumes 
reading
DEBUG:asyncio:<_ProactorSocketTransport fd=1060 read=<_OverlappedFuture pending 
cb=[_ProactorReadPipeTransport._loop_reading()] created at C:\Python314\Lib\asyncio\windows_events.py:507>> pauses 
reading
DEBUG:httpcore.connection:start_tls.complete return_value=<httpcore._backends.anyio.AnyIOStream object at 
0x000001A648199480>
DEBUG:httpcore.http11:send_request_headers.started request=<Request [b'POST']>
DEBUG:httpcore.http11:send_request_headers.complete
DEBUG:httpcore.http11:send_request_body.started request=<Request [b'POST']>
DEBUG:httpcore.http11:send_request_body.complete
DEBUG:httpcore.http11:receive_response_headers.started request=<Request [b'POST']>
DEBUG:asyncio:<_ProactorSocketTransport fd=1060 read=<_OverlappedFuture pending 
cb=[_ProactorReadPipeTransport._loop_reading()] created at C:\Python314\Lib\asyncio\windows_events.py:507> 
write=<_OverlappedFuture finished result=116 created at C:\Python314\Lib\asyncio\windows_events.py:547>> resumes 
reading
DEBUG:asyncio:<_ProactorSocketTransport fd=1060 read=<_OverlappedFuture pending 
cb=[_ProactorReadPipeTransport._loop_reading()] created at C:\Python314\Lib\asyncio\windows_events.py:507>> pauses 
reading
DEBUG:httpcore.http11:receive_response_headers.complete return_value=(b'HTTP/1.1', 200, b'OK', [(b'Date', b'Sat, 10 
Jan 2026 10:47:45 GMT'), (b'Content-Type', b'application/json'), (b'Transfer-Encoding', b'chunked'), (b'Connection', 
b'keep-alive'), (b'Content-Encoding', b'gzip'), (b'Access-Control-Allow-Origin', b'*'), (b'Vary', b'Accept-Encoding'), 
(b'Permissions-Policy', b'payment=(self "https://checkout.stripe.com" "https://connect-js.stripe.com" 
"https://js.stripe.com" "https://*.js.stripe.com" "https://hooks.stripe.com")'), (b'Referrer-Policy', b'no-referrer, 
strict-origin-when-cross-origin'), (b'X-Content-Type-Options', b'nosniff'), (b'Server', b'cloudflare'), (b'CF-RAY', 
b'9bbb991a5ccd41a4-BOM')])
INFO:httpx:HTTP Request: POST https://openrouter.ai/api/v1/embeddings "HTTP/1.1 200 OK"
DEBUG:httpcore.http11:receive_response_body.started request=<Request [b'POST']>
DEBUG:asyncio:<_ProactorSocketTransport fd=1060 read=<_OverlappedFuture pending 
cb=[_ProactorReadPipeTransport._loop_reading()] created at C:\Python314\Lib\asyncio\windows_events.py:507>> resumes 
reading
DEBUG:asyncio:<_ProactorSocketTransport fd=1060 read=<_OverlappedFuture pending 
cb=[_ProactorReadPipeTransport._loop_reading()] created at C:\Python314\Lib\asyncio\windows_events.py:507>> pauses 
reading
DEBUG:asyncio:<_ProactorSocketTransport fd=1060 read=<_OverlappedFuture pending 
cb=[_ProactorReadPipeTransport._loop_reading()] created at C:\Python314\Lib\asyncio\windows_events.py:507>> resumes 
reading
DEBUG:asyncio:<_ProactorSocketTransport fd=1060 read=<_OverlappedFuture pending 
cb=[_ProactorReadPipeTransport._loop_reading()] created at C:\Python314\Lib\asyncio\windows_events.py:507>> pauses 
reading
DEBUG:asyncio:<_ProactorSocketTransport fd=1060 read=<_OverlappedFuture pending 
cb=[_ProactorReadPipeTransport._loop_reading()] created at C:\Python314\Lib\asyncio\windows_events.py:507>> resumes 
reading
DEBUG:asyncio:<_ProactorSocketTransport fd=1060 read=<_OverlappedFuture pending 
cb=[_ProactorReadPipeTransport._loop_reading()] created at C:\Python314\Lib\asyncio\windows_events.py:507>> pauses 
reading
DEBUG:httpcore.http11:receive_response_body.complete
DEBUG:httpcore.http11:response_closed.started
DEBUG:httpcore.http11:response_closed.complete
DEBUG:httpcore.connection:close.started
DEBUG:httpcore.connection:close.complete
ERROR:utils.memory_store:Error calculating state: unsupported format string passed to MagicMock.__format__
FDEBUG:asyncio:Close <ProactorEventLoop running=False closed=False debug=True>

======================================================================
FAIL: test_importance_impact (__main__.TestForgettingCurve.test_importance_impact)
----------------------------------------------------------------------
Traceback (most recent call last):
  File "C:\Python314\Lib\asyncio\runners.py", line 127, in run
    return self._loop.run_until_complete(task)
           ~~~~~~~~~~~~~~~~~~~~~~~~~~~~~^^^^^^
  File "C:\Python314\Lib\asyncio\base_events.py", line 719, in run_until_complete
    return future.result()
           ~~~~~~~~~~~~~^^
  File "G:\Backend-notes\second_brain\test_forgetting_curve.py", line 118, in test_importance_impact
    self.assertEqual(states["Minor"], "fading")
    ~~~~~~~~~~~~~~~~^^^^^^^^^^^^^^^^^^^^^^^^^^^
AssertionError: 'strong' != 'fading'
- strong
+ fading


======================================================================
FAIL: test_state_transitions (__main__.TestForgettingCurve.test_state_transitions)
----------------------------------------------------------------------
Traceback (most recent call last):
  File "C:\Python314\Lib\asyncio\runners.py", line 127, in run
    return self._loop.run_until_complete(task)
           ~~~~~~~~~~~~~~~~~~~~~~~~~~~~~^^^^^^
  File "C:\Python314\Lib\asyncio\base_events.py", line 719, in run_until_complete
    return future.result()
           ~~~~~~~~~~~~~^^
  File "G:\Backend-notes\second_brain\test_forgetting_curve.py", line 70, in test_state_transitions
    self.assertEqual(all_m[0]["memory_state"], "fading")
    ~~~~~~~~~~~~~~~~^^^^^^^^^^^^^^^^^^^^^^^^^^^^^^^^^^^^
AssertionError: 'strong' != 'fading'
- strong
+ fading


----------------------------------------------------------------------
Ran 2 tests in 5.652s

FAILED (failures=2)

--- Testing Importance Impact ---
Uploading high importance memory (10.0)...
Uploading low importance memory (0.1)...
Checking states after 2 days...
  High Imp: strong
  Low Imp: strong

--- Starting Forgetting Curve Logic Test ---
Uploading memory at T=0...
Checking state after 10 days...
